[    3598ms] [INFO] This page uses Chrome's Built-In AI features (LanguageDetector)! We're always improving our models; please submit your feedback here: https://issues.chromium.org/issues/new?component=1583316 @ chrome-extension://bpoadfkcbjbfhfodiogcnhhhpibjhbnh/content_script.js:4890
[    5036ms] [LOG] 🍍 "websocket" store installed 🆕 @ http://localhost:5173/node_modules/.vite/deps/pinia.js?v=eff7922a:206
[    6633ms] [LOG] 🍍 "core-timezone" store installed 🆕 @ http://localhost:5173/node_modules/.vite/deps/pinia.js?v=eff7922a:206
[    6633ms] [LOG] 🍍 "core-tabbar" store installed 🆕 @ http://localhost:5173/node_modules/.vite/deps/pinia.js?v=eff7922a:206
[    6635ms] [WARNING] [vxe table v4.17.48] 参数 "[toolbar] refresh={...}" 已废弃，请使用 "refresh=boolean & refresh-options={...}" @ http://localhost:5173/node_modules/.vite/deps/chunk-ZTR45YP4.js?v=eff7922a:5837
[    6635ms] [WARNING] [vxe table v4.17.48] 参数 "[toolbar] zoom={...}" 已废弃，请使用 "zoom=boolean & zoom-options={...}" @ http://localhost:5173/node_modules/.vite/deps/chunk-ZTR45YP4.js?v=eff7922a:5837
[  574687ms] [WARNING] [vxe table v4.17.48] 参数 "[toolbar] refresh={...}" 已废弃，请使用 "refresh=boolean & refresh-options={...}" @ http://localhost:5173/node_modules/.vite/deps/chunk-ZTR45YP4.js?v=eff7922a:5837
[  574688ms] [WARNING] [vxe table v4.17.48] 参数 "[toolbar] zoom={...}" 已废弃，请使用 "zoom=boolean & zoom-options={...}" @ http://localhost:5173/node_modules/.vite/deps/chunk-ZTR45YP4.js?v=eff7922a:5837
[  606378ms] [WARNING] [vxe table v4.17.48] 参数 "[toolbar] refresh={...}" 已废弃，请使用 "refresh=boolean & refresh-options={...}" @ http://localhost:5173/node_modules/.vite/deps/chunk-ZTR45YP4.js?v=eff7922a:5837
[  606378ms] [WARNING] [vxe table v4.17.48] 参数 "[toolbar] zoom={...}" 已废弃，请使用 "zoom=boolean & zoom-options={...}" @ http://localhost:5173/node_modules/.vite/deps/chunk-ZTR45YP4.js?v=eff7922a:5837
[  608857ms] [WARNING] [Vue warn]: Failed to resolve component: a-descriptions-item
If this is a native custom element, make sure to exclude it from component resolution via compilerOptions.isCustomElement. 
  at <BatchReportDrawer > 
  at <VbenParentDrawer> 
  at <Page auto-content-height="" > 
  at <ApiTestingBatchReport > 
  at <ApiTestingBatchReport onVnodeUnmounted=fn<onVnodeUnmounted> ref=Ref< null > key="/plugins/batch-report?project_id=1&report_id=9&suite_id=1&target_type=suite" > 
  at <KeepAlive key=0 exclude= [] include= [ApiTesting, ApiTestingTestStep, ApiTestingTestReport, ApiTestingTestReportDetail, ApiTestingTestSuite, ApiTestingBatchReport] > 
  at <BaseTransition mode="out-in" appear=true persisted=false  ... > 
  at <Transition key=0 name="fade-slide" appear=""  ... > 
  at <RouterView> 
  at <LayoutContent> 
  at <LayoutContent id="__vben_main_content" content-compact="wide" content-compact-width=1200  ... > 
  at <VbenLayout sidebar-extra-visible=true onUpdate:sidebarExtraVisible=fn content-compact="wide"  ... > 
  at <BasicLayout onClearPreferencesAndLogout=fn<handleLogout> > 
  at <Basic onVnodeUnmounted=fn<onVnodeUnmounted> ref=Ref< Proxy(Object) > > 
  at <RouterView> 
  at <Anonymous message= {} notification= {} > 
  at <AApp> 
  at <LocaleProvider locale= {locale: zh-cn, Pagination: Object, DatePicker: Object, TimePicker: Object, Calendar: Object} _ANT_MARK__="internalMark" > 
  at <Anonymous prefixCls="anticon" csp=undefined layer=undefined > 
  at <Anonymous value= {override: Object, hashed: false, theme: Theme, token: Object, components: Object} > 
  at <Anonymous parentContext= {getPrefixCls: , iconPrefixCls: anticon} locale= {locale: zh-cn, Pagination: Object, DatePicker: Object, TimePicker: Object, Calendar: Object} theme= {algorithm: Array(1), token: Proxy(Object)}  ... > 
  at <AConfigProvider locale= {locale: zh-cn, Pagination: Object, DatePicker: Object, TimePicker: Object, Calendar: Object} theme= {algorithm: Array(1), token: Proxy(Object)} > 
  at <App> @ http://localhost:5173/node_modules/.vite/deps/chunk-NUZEDWKZ.js?v=eff7922a:1936
[  609026ms] [WARNING] [vxe table v4.17.48] 参数 "[toolbar] refresh={...}" 已废弃，请使用 "refresh=boolean & refresh-options={...}" @ http://localhost:5173/node_modules/.vite/deps/chunk-ZTR45YP4.js?v=eff7922a:5837
[  609026ms] [WARNING] [vxe table v4.17.48] 参数 "[toolbar] zoom={...}" 已废弃，请使用 "zoom=boolean & zoom-options={...}" @ http://localhost:5173/node_modules/.vite/deps/chunk-ZTR45YP4.js?v=eff7922a:5837
[  609435ms] [WARNING] [Vue warn]: Failed to resolve component: a-descriptions-item
If this is a native custom element, make sure to exclude it from component resolution via compilerOptions.isCustomElement. 
  at <BatchReportDrawer > 
  at <VbenParentDrawer> 
  at <Page auto-content-height="" > 
  at <ApiTestingBatchReport > 
  at <ApiTestingBatchReport onVnodeUnmounted=fn<onVnodeUnmounted> ref=Ref< Proxy(Object) > key="/plugins/batch-report?project_id=1&report_id=9&suite_id=1&target_type=suite" > 
  at <KeepAlive key=0 exclude= [] include= [ApiTesting, ApiTestingTestStep, ApiTestingTestReport, ApiTestingTestReportDetail, ApiTestingTestSuite, ApiTestingBatchReport] > 
  at <BaseTransition mode="out-in" appear=true persisted=false  ... > 
  at <Transition key=0 name="fade-slide" appear=""  ... > 
  at <RouterView> 
  at <LayoutContent> 
  at <LayoutContent id="__vben_main_content" content-compact="wide" content-compact-width=1200  ... > 
  at <VbenLayout sidebar-extra-visible=true onUpdate:sidebarExtraVisible=fn content-compact="wide"  ... > 
  at <BasicLayout onClearPreferencesAndLogout=fn<handleLogout> > 
  at <Basic onVnodeUnmounted=fn<onVnodeUnmounted> ref=Ref< Proxy(Object) > > 
  at <RouterView> 
  at <Anonymous message= {} notification= {} > 
  at <AApp> 
  at <LocaleProvider locale= {locale: zh-cn, Pagination: Object, DatePicker: Object, TimePicker: Object, Calendar: Object} _ANT_MARK__="internalMark" > 
  at <Anonymous prefixCls="anticon" csp=undefined layer=undefined > 
  at <Anonymous value= {override: Object, hashed: false, theme: Theme, token: Object, components: Object} > 
  at <Anonymous parentContext= {getPrefixCls: , iconPrefixCls: anticon} locale= {locale: zh-cn, Pagination: Object, DatePicker: Object, TimePicker: Object, Calendar: Object} theme= {algorithm: Array(1), token: Proxy(Object)}  ... > 
  at <AConfigProvider locale= {locale: zh-cn, Pagination: Object, DatePicker: Object, TimePicker: Object, Calendar: Object} theme= {algorithm: Array(1), token: Proxy(Object)} > 
  at <App> @ http://localhost:5173/node_modules/.vite/deps/chunk-NUZEDWKZ.js?v=eff7922a:1936
[  616090ms] [WARNING] [Vue warn]: Failed to resolve component: a-descriptions-item
If this is a native custom element, make sure to exclude it from component resolution via compilerOptions.isCustomElement. 
  at <BatchReportDrawer > 
  at <VbenParentDrawer> 
  at <Page auto-content-height="" > 
  at <ApiTestingBatchReport > 
  at <ApiTestingBatchReport onVnodeUnmounted=fn<onVnodeUnmounted> ref=Ref< null > key="/plugins/batch-report?project_id=1&report_id=9&suite_id=1&target_type=suite" > 
  at <KeepAlive key=0 exclude= [] include= [ApiTesting, ApiTestingTestStep, ApiTestingTestReport, ApiTestingTestReportDetail, ApiTestingTestSuite, ApiTestingBatchReport] > 
  at <BaseTransition mode="out-in" appear=true persisted=false  ... > 
  at <Transition key=0 name="fade-slide" appear=""  ... > 
  at <RouterView> 
  at <LayoutContent> 
  at <LayoutContent id="__vben_main_content" content-compact="wide" content-compact-width=1200  ... > 
  at <VbenLayout sidebar-extra-visible=false onUpdate:sidebarExtraVisible=fn content-compact="wide"  ... > 
  at <BasicLayout onClearPreferencesAndLogout=fn<handleLogout> > 
  at <Basic onVnodeUnmounted=fn<onVnodeUnmounted> ref=Ref< Proxy(Object) > > 
  at <RouterView> 
  at <Anonymous message= {} notification= {} > 
  at <AApp> 
  at <LocaleProvider locale= {locale: zh-cn, Pagination: Object, DatePicker: Object, TimePicker: Object, Calendar: Object} _ANT_MARK__="internalMark" > 
  at <Anonymous prefixCls="anticon" csp=undefined layer=undefined > 
  at <Anonymous value= {override: Object, hashed: false, theme: Theme, token: Object, components: Object} > 
  at <Anonymous parentContext= {getPrefixCls: , iconPrefixCls: anticon} locale= {locale: zh-cn, Pagination: Object, DatePicker: Object, TimePicker: Object, Calendar: Object} theme= {algorithm: Array(1), token: Proxy(Object)}  ... > 
  at <AConfigProvider locale= {locale: zh-cn, Pagination: Object, DatePicker: Object, TimePicker: Object, Calendar: Object} theme= {algorithm: Array(1), token: Proxy(Object)} > 
  at <App> @ http://localhost:5173/node_modules/.vite/deps/chunk-NUZEDWKZ.js?v=eff7922a:1936
[  616430ms] [WARNING] [Vue warn]: Failed to resolve component: a-descriptions-item
If this is a native custom element, make sure to exclude it from component resolution via compilerOptions.isCustomElement. 
  at <BatchReportDrawer > 
  at <VbenParentDrawer> 
  at <Page auto-content-height="" > 
  at <ApiTestingBatchReport > 
  at <ApiTestingBatchReport onVnodeUnmounted=fn<onVnodeUnmounted> ref=Ref< null > key="/plugins/batch-report?project_id=1&report_id=9&suite_id=1&target_type=suite" > 
  at <KeepAlive key=0 exclude= [] include= [ApiTesting, ApiTestingTestStep, ApiTestingTestReport, ApiTestingTestReportDetail, ApiTestingTestSuite, ApiTestingBatchReport] > 
  at <BaseTransition mode="out-in" appear=true persisted=false  ... > 
  at <Transition key=0 name="fade-slide" appear=""  ... > 
  at <RouterView> 
  at <LayoutContent> 
  at <LayoutContent id="__vben_main_content" content-compact="wide" content-compact-width=1200  ... > 
  at <VbenLayout sidebar-extra-visible=false onUpdate:sidebarExtraVisible=fn content-compact="wide"  ... > 
  at <BasicLayout onClearPreferencesAndLogout=fn<handleLogout> > 
  at <Basic onVnodeUnmounted=fn<onVnodeUnmounted> ref=Ref< Proxy(Object) > > 
  at <RouterView> 
  at <Anonymous message= {} notification= {} > 
  at <AApp> 
  at <LocaleProvider locale= {locale: zh-cn, Pagination: Object, DatePicker: Object, TimePicker: Object, Calendar: Object} _ANT_MARK__="internalMark" > 
  at <Anonymous prefixCls="anticon" csp=undefined layer=undefined > 
  at <Anonymous value= {override: Object, hashed: false, theme: Theme, token: Object, components: Object} > 
  at <Anonymous parentContext= {getPrefixCls: , iconPrefixCls: anticon} locale= {locale: zh-cn, Pagination: Object, DatePicker: Object, TimePicker: Object, Calendar: Object} theme= {algorithm: Array(1), token: Proxy(Object)}  ... > 
  at <AConfigProvider locale= {locale: zh-cn, Pagination: Object, DatePicker: Object, TimePicker: Object, Calendar: Object} theme= {algorithm: Array(1), token: Proxy(Object)} > 
  at <App> @ http://localhost:5173/node_modules/.vite/deps/chunk-NUZEDWKZ.js?v=eff7922a:1936
[  880695ms] [WARNING] [vxe v4.3.1] "formatDate" 的参数 "tableCellFormatMethod" 重复定义，这可能会出现错误 @ http://localhost:5173/node_modules/.vite/deps/chunk-ZTR45YP4.js?v=eff7922a:5837
[  880695ms] [WARNING] [vxe v4.3.1] "formatDateTime" 的参数 "tableCellFormatMethod" 重复定义，这可能会出现错误 @ http://localhost:5173/node_modules/.vite/deps/chunk-ZTR45YP4.js?v=eff7922a:5837
[  880697ms] [WARNING] [vxe v4.3.1] "Renderer.CellImage" 的参数 "renderTableDefault" 重复定义，这可能会出现错误 @ http://localhost:5173/node_modules/.vite/deps/chunk-ZTR45YP4.js?v=eff7922a:5837
[  880698ms] [WARNING] [vxe v4.3.1] "Renderer.CellLink" 的参数 "renderTableDefault" 重复定义，这可能会出现错误 @ http://localhost:5173/node_modules/.vite/deps/chunk-ZTR45YP4.js?v=eff7922a:5837
[  880699ms] [WARNING] [vxe v4.3.1] "Renderer.CellTag" 的参数 "renderTableDefault" 重复定义，这可能会出现错误 @ http://localhost:5173/node_modules/.vite/deps/chunk-ZTR45YP4.js?v=eff7922a:5837
[  880699ms] [WARNING] [vxe v4.3.1] "Renderer.CellSwitch" 的参数 "renderTableDefault" 重复定义，这可能会出现错误 @ http://localhost:5173/node_modules/.vite/deps/chunk-ZTR45YP4.js?v=eff7922a:5837
[  880700ms] [WARNING] [vxe v4.3.1] "Renderer.CellOperation" 的参数 "renderTableDefault" 重复定义，这可能会出现错误 @ http://localhost:5173/node_modules/.vite/deps/chunk-ZTR45YP4.js?v=eff7922a:5837
[  880854ms] [WARNING] [vxe table v4.17.48] 参数 "[toolbar] refresh={...}" 已废弃，请使用 "refresh=boolean & refresh-options={...}" @ http://localhost:5173/node_modules/.vite/deps/chunk-ZTR45YP4.js?v=eff7922a:5837
[  880854ms] [WARNING] [vxe table v4.17.48] 参数 "[toolbar] zoom={...}" 已废弃，请使用 "zoom=boolean & zoom-options={...}" @ http://localhost:5173/node_modules/.vite/deps/chunk-ZTR45YP4.js?v=eff7922a:5837
[  886122ms] [INFO] This page uses Chrome's Built-In AI features (LanguageDetector)! We're always improving our models; please submit your feedback here: https://issues.chromium.org/issues/new?component=1583316 @ chrome-extension://bpoadfkcbjbfhfodiogcnhhhpibjhbnh/content_script.js:4890
[  886501ms] [LOG] 🍍 "websocket" store installed 🆕 @ http://localhost:5173/node_modules/.vite/deps/pinia.js?v=eff7922a:206
[  887801ms] [LOG] 🍍 "core-timezone" store installed 🆕 @ http://localhost:5173/node_modules/.vite/deps/pinia.js?v=eff7922a:206
[  887803ms] [LOG] 🍍 "core-tabbar" store installed 🆕 @ http://localhost:5173/node_modules/.vite/deps/pinia.js?v=eff7922a:206
[ 1744212ms] A listener indicated an asynchronous response by returning true, but the message channel closed before a response was received
[ 4878912ms] [WARNING] [vxe table v4.17.48] 参数 "[toolbar] refresh={...}" 已废弃，请使用 "refresh=boolean & refresh-options={...}" @ http://localhost:5173/node_modules/.vite/deps/chunk-ZTR45YP4.js?v=eff7922a:5837
[ 4878913ms] [WARNING] [vxe table v4.17.48] 参数 "[toolbar] zoom={...}" 已废弃，请使用 "zoom=boolean & zoom-options={...}" @ http://localhost:5173/node_modules/.vite/deps/chunk-ZTR45YP4.js?v=eff7922a:5837
[ 4899070ms] [WARNING] [vxe table v4.17.48] 参数 "[toolbar] refresh={...}" 已废弃，请使用 "refresh=boolean & refresh-options={...}" @ http://localhost:5173/node_modules/.vite/deps/chunk-ZTR45YP4.js?v=eff7922a:5837
[ 4899070ms] [WARNING] [vxe table v4.17.48] 参数 "[toolbar] zoom={...}" 已废弃，请使用 "zoom=boolean & zoom-options={...}" @ http://localhost:5173/node_modules/.vite/deps/chunk-ZTR45YP4.js?v=eff7922a:5837
[ 4901566ms] [ERROR] Failed to load resource: the server responded with a status of 404 (Not Found) @ http://localhost:8000/api/v1/api_testing/test_steps/33/execute:0
[ 4908585ms] [WARNING] [Vue warn]: Failed to resolve component: a-descriptions-item
If this is a native custom element, make sure to exclude it from component resolution via compilerOptions.isCustomElement. 
  at <BatchReportDrawer > 
  at <VbenParentDrawer> 
  at <Page auto-content-height="" > 
  at <ApiTestingBatchReport > 
  at <ApiTestingBatchReport onVnodeUnmounted=fn<onVnodeUnmounted> ref=Ref< null > key="/plugins/batch-report" > 
  at <KeepAlive key=0 exclude= [] include= [ApiTesting, ApiTestingTestStep, ApiTestingTestReport, ApiTestingTestReportDetail, ApiTestingTestSuite, ApiTestingBatchReport, ApiTestingVariable, ApiTestingEnvironment] > 
  at <BaseTransition mode="out-in" appear=true persisted=false  ... > 
  at <Transition key=0 name="fade-slide" appear=""  ... > 
  at <RouterView> 
  at <LayoutContent> 
  at <LayoutContent id="__vben_main_content" content-compact="wide" content-compact-width=1200  ... > 
  at <VbenLayout sidebar-extra-visible=true onUpdate:sidebarExtraVisible=fn content-compact="wide"  ... > 
  at <BasicLayout onClearPreferencesAndLogout=fn<handleLogout> > 
  at <Basic onVnodeUnmounted=fn<onVnodeUnmounted> ref=Ref< Proxy(Object) > > 
  at <RouterView> 
  at <Anonymous message= {} notification= {} > 
  at <AApp> 
  at <LocaleProvider locale= {locale: zh-cn, Pagination: Object, DatePicker: Object, TimePicker: Object, Calendar: Object} _ANT_MARK__="internalMark" > 
  at <Anonymous prefixCls="anticon" csp=undefined layer=undefined > 
  at <Anonymous value= {override: Object, hashed: false, theme: Theme, token: Object, components: Object} > 
  at <Anonymous parentContext= {getPrefixCls: , iconPrefixCls: anticon} locale= {locale: zh-cn, Pagination: Object, DatePicker: Object, TimePicker: Object, Calendar: Object} theme= {algorithm: Array(1), token: Proxy(Object)}  ... > 
  at <AConfigProvider locale= {locale: zh-cn, Pagination: Object, DatePicker: Object, TimePicker: Object, Calendar: Object} theme= {algorithm: Array(1), token: Proxy(Object)} > 
  at <App> @ http://localhost:5173/node_modules/.vite/deps/chunk-NUZEDWKZ.js?v=eff7922a:1936
[ 4908634ms] [WARNING] [vxe table v4.17.48] 参数 "[toolbar] refresh={...}" 已废弃，请使用 "refresh=boolean & refresh-options={...}" @ http://localhost:5173/node_modules/.vite/deps/chunk-ZTR45YP4.js?v=eff7922a:5837
[ 4908634ms] [WARNING] [vxe table v4.17.48] 参数 "[toolbar] zoom={...}" 已废弃，请使用 "zoom=boolean & zoom-options={...}" @ http://localhost:5173/node_modules/.vite/deps/chunk-ZTR45YP4.js?v=eff7922a:5837
[ 4911243ms] [WARNING] [Vue warn]: Failed to resolve component: a-descriptions-item
If this is a native custom element, make sure to exclude it from component resolution via compilerOptions.isCustomElement. 
  at <BatchReportDrawer > 
  at <VbenParentDrawer> 
  at <Page auto-content-height="" > 
  at <ApiTestingBatchReport > 
  at <ApiTestingBatchReport onVnodeUnmounted=fn<onVnodeUnmounted> ref=Ref< Proxy(Object) > key="/plugins/batch-report" > 
  at <KeepAlive key=0 exclude= [] include= [ApiTesting, ApiTestingTestStep, ApiTestingTestReport, ApiTestingTestReportDetail, ApiTestingTestSuite, ApiTestingBatchReport, ApiTestingVariable, ApiTestingEnvironment] > 
  at <BaseTransition mode="out-in" appear=true persisted=false  ... > 
  at <Transition key=0 name="fade-slide" appear=""  ... > 
  at <RouterView> 
  at <LayoutContent> 
  at <LayoutContent id="__vben_main_content" content-compact="wide" content-compact-width=1200  ... > 
  at <VbenLayout sidebar-extra-visible=true onUpdate:sidebarExtraVisible=fn content-compact="wide"  ... > 
  at <BasicLayout onClearPreferencesAndLogout=fn<handleLogout> > 
  at <Basic onVnodeUnmounted=fn<onVnodeUnmounted> ref=Ref< Proxy(Object) > > 
  at <RouterView> 
  at <Anonymous message= {} notification= {} > 
  at <AApp> 
  at <LocaleProvider locale= {locale: zh-cn, Pagination: Object, DatePicker: Object, TimePicker: Object, Calendar: Object} _ANT_MARK__="internalMark" > 
  at <Anonymous prefixCls="anticon" csp=undefined layer=undefined > 
  at <Anonymous value= {override: Object, hashed: false, theme: Theme, token: Object, components: Object} > 
  at <Anonymous parentContext= {getPrefixCls: , iconPrefixCls: anticon} locale= {locale: zh-cn, Pagination: Object, DatePicker: Object, TimePicker: Object, Calendar: Object} theme= {algorithm: Array(1), token: Proxy(Object)}  ... > 
  at <AConfigProvider locale= {locale: zh-cn, Pagination: Object, DatePicker: Object, TimePicker: Object, Calendar: Object} theme= {algorithm: Array(1), token: Proxy(Object)} > 
  at <App> @ http://localhost:5173/node_modules/.vite/deps/chunk-NUZEDWKZ.js?v=eff7922a:1936
[ 8585845ms] [WARNING] [Vue warn]: Failed to resolve component: a-descriptions-item
If this is a native custom element, make sure to exclude it from component resolution via compilerOptions.isCustomElement. 
  at <BatchReportDrawer > 
  at <VbenParentDrawer> 
  at <Page auto-content-height="" > 
  at <ApiTestingBatchReport > 
  at <ApiTestingBatchReport onVnodeUnmounted=fn<onVnodeUnmounted> ref=Ref< Proxy(Object) > key="/plugins/batch-report" > 
  at <KeepAlive key=0 exclude= [] include= [ApiTesting, ApiTestingTestStep, ApiTestingTestReport, ApiTestingTestReportDetail, ApiTestingTestSuite, ApiTestingBatchReport, ApiTestingVariable, ApiTestingEnvironment] > 
  at <BaseTransition mode="out-in" appear=true persisted=false  ... > 
  at <Transition key=0 name="fade-slide" appear=""  ... > 
  at <RouterView> 
  at <LayoutContent> 
  at <LayoutContent id="__vben_main_content" content-compact="wide" content-compact-width=1200  ... > 
  at <VbenLayout sidebar-extra-visible=true onUpdate:sidebarExtraVisible=fn content-compact="wide"  ... > 
  at <BasicLayout onClearPreferencesAndLogout=fn<handleLogout> > 
  at <Basic onVnodeUnmounted=fn<onVnodeUnmounted> ref=Ref< Proxy(Object) > > 
  at <RouterView> 
  at <Anonymous message= {} notification= {} > 
  at <AApp> 
  at <LocaleProvider locale= {locale: zh-cn, Pagination: Object, DatePicker: Object, TimePicker: Object, Calendar: Object} _ANT_MARK__="internalMark" > 
  at <Anonymous prefixCls="anticon" csp=undefined layer=undefined > 
  at <Anonymous value= {override: Object, hashed: false, theme: Theme, token: Object, components: Object} > 
  at <Anonymous parentContext= {getPrefixCls: , iconPrefixCls: anticon} locale= {locale: zh-cn, Pagination: Object, DatePicker: Object, TimePicker: Object, Calendar: Object} theme= {algorithm: Array(1), token: Proxy(Object)}  ... > 
  at <AConfigProvider locale= {locale: zh-cn, Pagination: Object, DatePicker: Object, TimePicker: Object, Calendar: Object} theme= {algorithm: Array(1), token: Proxy(Object)} > 
  at <App> @ http://localhost:5173/node_modules/.vite/deps/chunk-NUZEDWKZ.js?v=eff7922a:1936
[ 8586181ms] [WARNING] [Vue warn]: Failed to resolve component: a-descriptions-item
If this is a native custom element, make sure to exclude it from component resolution via compilerOptions.isCustomElement. 
  at <BatchReportDrawer > 
  at <VbenParentDrawer> 
  at <Page auto-content-height="" > 
  at <ApiTestingBatchReport > 
  at <ApiTestingBatchReport onVnodeUnmounted=fn<onVnodeUnmounted> ref=Ref< Proxy(Object) > key="/plugins/batch-report" > 
  at <KeepAlive key=0 exclude= [] include= [ApiTesting, ApiTestingTestStep, ApiTestingTestReport, ApiTestingTestReportDetail, ApiTestingTestSuite, ApiTestingBatchReport, ApiTestingVariable, ApiTestingEnvironment] > 
  at <BaseTransition mode="out-in" appear=true persisted=false  ... > 
  at <Transition key=0 name="fade-slide" appear=""  ... > 
  at <RouterView> 
  at <LayoutContent> 
  at <LayoutContent id="__vben_main_content" content-compact="wide" content-compact-width=1200  ... > 
  at <VbenLayout sidebar-extra-visible=true onUpdate:sidebarExtraVisible=fn content-compact="wide"  ... > 
  at <BasicLayout onClearPreferencesAndLogout=fn<handleLogout> > 
  at <Basic onVnodeUnmounted=fn<onVnodeUnmounted> ref=Ref< Proxy(Object) > > 
  at <RouterView> 
  at <Anonymous message= {} notification= {} > 
  at <AApp> 
  at <LocaleProvider locale= {locale: zh-cn, Pagination: Object, DatePicker: Object, TimePicker: Object, Calendar: Object} _ANT_MARK__="internalMark" > 
  at <Anonymous prefixCls="anticon" csp=undefined layer=undefined > 
  at <Anonymous value= {override: Object, hashed: false, theme: Theme, token: Object, components: Object} > 
  at <Anonymous parentContext= {getPrefixCls: , iconPrefixCls: anticon} locale= {locale: zh-cn, Pagination: Object, DatePicker: Object, TimePicker: Object, Calendar: Object} theme= {algorithm: Array(1), token: Proxy(Object)}  ... > 
  at <AConfigProvider locale= {locale: zh-cn, Pagination: Object, DatePicker: Object, TimePicker: Object, Calendar: Object} theme= {algorithm: Array(1), token: Proxy(Object)} > 
  at <App> @ http://localhost:5173/node_modules/.vite/deps/chunk-NUZEDWKZ.js?v=eff7922a:1936
